[debug] [2026-07-02T12:38:28.429Z] ----------------------------------------------------------------------
[debug] [2026-07-02T12:38:28.435Z] Command:       C:\nvm4w\nodejs\node.exe C:\nvm4w\nodejs\node_modules\firebase-tools\lib\bin\firebase.js deploy --only hosting
[debug] [2026-07-02T12:38:28.436Z] CLI Version:   15.7.0
[debug] [2026-07-02T12:38:28.436Z] Platform:      win32
[debug] [2026-07-02T12:38:28.436Z] Node Version:  v20.20.0
[debug] [2026-07-02T12:38:28.436Z] Time:          Thu Jul 02 2026 08:38:28 GMT-0400 (Eastern Daylight Time)
[debug] [2026-07-02T12:38:28.436Z] ----------------------------------------------------------------------
[debug] 
[debug] [2026-07-02T12:38:28.439Z] >>> [apiv2][query] GET https://firebase-public.firebaseio.com/cli.json [none]
[debug] [2026-07-02T12:38:32.615Z] > command requires scopes: ["email","openid","https://www.googleapis.com/auth/cloudplatformprojects.readonly","https://www.googleapis.com/auth/firebase","https://www.googleapis.com/auth/cloud-platform"]
[debug] [2026-07-02T12:38:32.615Z] > authorizing via signed-in user (antony@infinftstudios.com)
[debug] [2026-07-02T12:38:32.615Z] [iam] checking project infinft-card-game for permissions ["firebase.projects.get","firebasehosting.sites.update"]
[debug] [2026-07-02T12:38:32.616Z] Checked if tokens are valid: false, expires at: 1782896007911
[debug] [2026-07-02T12:38:32.616Z] Checked if tokens are valid: false, expires at: 1782896007911
[debug] [2026-07-02T12:38:32.617Z] > refreshing access token with scopes: []
[debug] [2026-07-02T12:38:32.618Z] >>> [apiv2][query] POST https://www.googleapis.com/oauth2/v3/token [none]
[debug] [2026-07-02T12:38:32.618Z] >>> [apiv2][body] POST https://www.googleapis.com/oauth2/v3/token [omitted]
[debug] [2026-07-02T12:38:32.731Z] <<< [apiv2][status] GET https://firebase-public.firebaseio.com/cli.json 200
[debug] [2026-07-02T12:38:32.731Z] <<< [apiv2][body] GET https://firebase-public.firebaseio.com/cli.json {"cloudBuildErrorAfter":1594252800000,"cloudBuildWarnAfter":1590019200000,"defaultNode10After":1594252800000,"minVersion":"3.0.5","node8DeploysDisabledAfter":1613390400000,"node8RuntimeDisabledAfter":1615809600000,"node8WarnAfter":1600128000000}
[debug] [2026-07-02T12:38:32.784Z] <<< [apiv2][status] POST https://www.googleapis.com/oauth2/v3/token 200
[debug] [2026-07-02T12:38:32.784Z] <<< [apiv2][body] POST https://www.googleapis.com/oauth2/v3/token [omitted]
[debug] [2026-07-02T12:38:32.792Z] >>> [apiv2][query] POST https://cloudresourcemanager.googleapis.com/v1/projects/infinft-card-game:testIamPermissions [none]
[debug] [2026-07-02T12:38:32.792Z] >>> [apiv2][(partial)header] POST https://cloudresourcemanager.googleapis.com/v1/projects/infinft-card-game:testIamPermissions  x-goog-user-project=infinft-card-game
[debug] [2026-07-02T12:38:32.792Z] >>> [apiv2][body] POST https://cloudresourcemanager.googleapis.com/v1/projects/infinft-card-game:testIamPermissions {"permissions":["firebase.projects.get","firebasehosting.sites.update"]}
[debug] [2026-07-02T12:38:32.948Z] <<< [apiv2][status] POST https://cloudresourcemanager.googleapis.com/v1/projects/infinft-card-game:testIamPermissions 200
[debug] [2026-07-02T12:38:32.948Z] <<< [apiv2][body] POST https://cloudresourcemanager.googleapis.com/v1/projects/infinft-card-game:testIamPermissions {"permissions":["firebase.projects.get","firebasehosting.sites.update"]}
[debug] [2026-07-02T12:38:32.949Z] Checked if tokens are valid: true, expires at: 1782999511785
[debug] [2026-07-02T12:38:32.949Z] Checked if tokens are valid: true, expires at: 1782999511785
[debug] [2026-07-02T12:38:32.949Z] >>> [apiv2][query] GET https://firebase.googleapis.com/v1beta1/projects/infinft-card-game [none]
[debug] [2026-07-02T12:38:33.256Z] <<< [apiv2][status] GET https://firebase.googleapis.com/v1beta1/projects/infinft-card-game 200
[debug] [2026-07-02T12:38:33.256Z] <<< [apiv2][body] GET https://firebase.googleapis.com/v1beta1/projects/infinft-card-game {"projectId":"infinft-card-game","projectNumber":"176088601846","displayName":"InfiNFT Card Game","name":"projects/infinft-card-game","resources":{"hostingSite":"infinft-card-game","realtimeDatabaseInstance":"infinft-card-game-default-rtdb"},"state":"ACTIVE","labels":{"firebase":"enabled","firebase/storage-default-bucket":"created"},"etag":"1_48c1a114-3767-4a7b-8d24-e92604f2a21a"}
[info] 
[info] === Deploying to 'infinft-card-game'...
[info] 
[info] i  deploying hosting 
[debug] [2026-07-02T12:38:33.263Z] Checked if tokens are valid: true, expires at: 1782999511785
[debug] [2026-07-02T12:38:33.263Z] Checked if tokens are valid: true, expires at: 1782999511785
[debug] [2026-07-02T12:38:33.264Z] Checked if tokens are valid: true, expires at: 1782999511785
[debug] [2026-07-02T12:38:33.264Z] Checked if tokens are valid: true, expires at: 1782999511785
[debug] [2026-07-02T12:38:33.264Z] >>> [apiv2][query] POST https://firebasehosting.googleapis.com/v1beta1/projects/-/sites/infinft-monster-mayhem-dev/versions [none]
[debug] [2026-07-02T12:38:33.264Z] >>> [apiv2][body] POST https://firebasehosting.googleapis.com/v1beta1/projects/-/sites/infinft-monster-mayhem-dev/versions {"status":"CREATED","labels":{"deployment-tool":"cli-firebase"}}
[debug] [2026-07-02T12:38:33.265Z] >>> [apiv2][query] POST https://firebasehosting.googleapis.com/v1beta1/projects/-/sites/infinft-monster-mayhem/versions [none]
[debug] [2026-07-02T12:38:33.265Z] >>> [apiv2][body] POST https://firebasehosting.googleapis.com/v1beta1/projects/-/sites/infinft-monster-mayhem/versions {"status":"CREATED","labels":{"deployment-tool":"cli-firebase"}}
[debug] [2026-07-02T12:38:34.250Z] <<< [apiv2][status] POST https://firebasehosting.googleapis.com/v1beta1/projects/-/sites/infinft-monster-mayhem/versions 200
[debug] [2026-07-02T12:38:34.250Z] <<< [apiv2][body] POST https://firebasehosting.googleapis.com/v1beta1/projects/-/sites/infinft-monster-mayhem/versions {"name":"projects/176088601846/sites/infinft-monster-mayhem/versions/7c90086e6e7b3671","status":"CREATED","config":{},"labels":{"deployment-tool":"cli-firebase"}}
[debug] [2026-07-02T12:38:34.415Z] <<< [apiv2][status] POST https://firebasehosting.googleapis.com/v1beta1/projects/-/sites/infinft-monster-mayhem-dev/versions 200
[debug] [2026-07-02T12:38:34.415Z] <<< [apiv2][body] POST https://firebasehosting.googleapis.com/v1beta1/projects/-/sites/infinft-monster-mayhem-dev/versions {"name":"projects/176088601846/sites/infinft-monster-mayhem-dev/versions/e80533380feffaf6","status":"CREATED","config":{},"labels":{"deployment-tool":"cli-firebase"}}
[info] i  hosting[infinft-monster-mayhem-dev]: beginning deploy... 
[info] i  hosting[infinft-monster-mayhem-dev]: found 50 files in build 
[debug] [2026-07-02T12:38:34.443Z] [hosting] uploading with 200 concurrency
[debug] [2026-07-02T12:38:34.989Z] Checked if tokens are valid: true, expires at: 1782999511785
[debug] [2026-07-02T12:38:34.989Z] Checked if tokens are valid: true, expires at: 1782999511785
[debug] [2026-07-02T12:38:34.990Z] [hosting] hash cache [YnVpbGQ] stored for 50 files
[debug] [2026-07-02T12:38:34.990Z] [hosting][hash queue][FINAL] {"max":531,"min":1,"avg":115.36,"active":0,"complete":50,"success":50,"errored":0,"retried":0,"total":50,"elapsed":544}
[debug] [2026-07-02T12:38:34.991Z] >>> [apiv2][query] POST https://firebasehosting.googleapis.com/v1beta1/projects/176088601846/sites/infinft-monster-mayhem-dev/versions/e80533380feffaf6:populateFiles [none]
[debug] [2026-07-02T12:38:34.991Z] >>> [apiv2][body] POST https://firebasehosting.googleapis.com/v1beta1/projects/176088601846/sites/infinft-monster-mayhem-dev/versions/e80533380feffaf6:populateFiles {"files":{"/static/media/landing-page-bg.1eff8fed3b88bf333555.png":"417f401dfee04b6e2f41f2466d3faebe7aa87fd1f6cad91db0697c9ca77fa78e","/static/js/main.b1946770.js.map":"41466d6cec7a2ec63c75d26559ffaed2053a9cfa84f83db0e38206f66bb9155f","/static/js/main.b1946770.js.LICENSE.txt":"cba9b640be180a0e2efd33b2da17aa7e970e888c8c1209070083b17510ffb4f2","/static/js/main.b1946770.js":"37669d69ee15931c18acf3384907d69f82fa4730c0e916bdf64bd0b5db7829d6","/static/css/main.d109d259.css":"eab54cc27bd70939b3caf93c05a3d40d7f163e5ed71c89eb18dc1f489e1a764b","/legacy/assets/Skelly.vrm":"d1bd1ee69f509c364c4eea5fa6addb55fa6065389c8e1a22c4f1cef9a4f085d2","/legacy/assets/Meshy_AI_Punk_Racer_Duck_0613081219_texture.glb":"82055291a95f20e01615921b5113014a3bbd16bcd090cb33c1c6a62a9770d994","/legacy/assets/infift_token.png":"62ee477ac99a6f4723c09a0db552f31c43ea675c78f715e521763e8ab86b21f2","/legacy/assets/dashboard-mobile-bg.png":"e3c79a9116d3c53dcbb7a5c6ddec7841ab3e19dd397375b90c69fe53a014ec40","/legacy/assets/dashboard-bg.png":"417f401dfee04b6e2f41f2466d3faebe7aa87fd1f6cad91db0697c9ca77fa78e","/legacy/assets/Meshy_AI_Punk_Racer_Duck_biped/Meshy_AI_Punk_Racer_Duck_biped_Character_output.glb":"07c7e1b0d7d7b81284c6e5bec4484b77196d48699fa30d20c2d8177b558c5f91","/legacy/assets/Meshy_AI_Punk_Racer_Duck_biped/Meshy_AI_Punk_Racer_Duck_biped_Animation_Walking_withSkin.glb":"deeed11e74581349a95676cd57154f2c4f3ee71aeea05302b5d2e63c905d58ae","/legacy/assets/Meshy_AI_Punk_Racer_Duck_biped/Meshy_AI_Punk_Racer_Duck_biped_Animation_Running_withSkin.glb":"9bcbedad373857f2577c7af437fd23e3e2e52008ca6daa8ef311c3077b72b447","/legacy/assets/Meshy_AI_Punk_Racer_Duck_biped/Meshy_AI_Punk_Racer_Duck_biped_Animation_Jump_Run_withSkin.glb":"8788c2b182ea5f0bb8147af97e43dc9b458812f633b425fe6ed8d62e66c97c49","/legacy/assets/Meshy_AI_Punk_Racer_Duck_biped/Meshy_AI_Punk_Racer_Duck_biped_Animation_happy_jump_m_withSkin.glb":"a05a2c58cf018c16a9648290d09c570bec01d14e7a512e8a205890391f867b8f","/legacy/assets/Meshy_AI_Punk_Racer_Duck_biped/Meshy_AI_Punk_Racer_Duck_biped_Animation_falling_down_withSkin.glb":"47e21891ec471660f783022a0262d1bc906cb5ba1fd2132347d92ab560aa9051","/legacy/assets/Meshy_AI_Punk_Racer_Duck_biped/Meshy_AI_Punk_Racer_Duck_biped_Animation_Alert_withSkin.glb":"5cd2be905aeb2d570b19b6848303c381e4e2b66d33b16eb753d8a9a5ee307a73","/legacy/assets/Meshy_AI_Banana_Brainpunk_Drag_biped/Meshy_AI_Banana_Brainpunk_Drag_biped_Animation_Run_and_Jump_withSkin.glb":"71a40b4b0346cdfb95819f7989dc801888d84bfdd99dd647a3e672726093915f","/legacy/assets/Meshy_AI_Banana_Brainpunk_Drag_biped/Meshy_AI_Banana_Brainpunk_Drag_biped_Animation_Running_withSkin.glb":"ed07e5f4653086532c165efc56cc2db878f54934059c0ac065fe82d42cb5516f","/legacy/assets/Meshy_AI_Banana_Brainpunk_Drag_biped/Meshy_AI_Banana_Brainpunk_Drag_biped_Animation_Jump_Run_withSkin.glb":"bac14da09cf5e6ffaf145abe5e7d4ec376ea6afc38921b7f349d5507e4c4b4d8","/legacy/assets/Meshy_AI_Banana_Brainpunk_Drag_biped/Meshy_AI_Banana_Brainpunk_Drag_biped_Animation_happy_jump_m_withSkin.glb":"c0cc1d4bfdd00c5b890f28f4b23bd8fe81f3dd8bdfe9c634ecabbf13faffaba7","/legacy/assets/Meshy_AI_Banana_Brainpunk_Drag_biped/Meshy_AI_Banana_Brainpunk_Drag_biped_Animation_falling_down_withSkin.glb":"a171a26cd20d9648af8538be6de85d0599e23bfd3c79a95eb1553a4864c28153","/legacy/assets/Meshy_AI_Banana_Brainpunk_Drag_biped/Meshy_AI_Banana_Brainpunk_Drag_biped_Animation_Alert_withSkin.glb":"8f95f29fe3f702c5820dd8e341a32c9639607e6529e354e2cf7c3b0ebb16a4e7","/legacy/assets/Meshy_AI_Banana_Brainpunk_Drag_biped/Meshy_AI_Banana_Brainpunk_Drag_biped_Animation_360_Power_Spin_Jump_withSkin.glb":"23df7df1784e5751cc6a2450ca51399915fb2ca5b08f590df9014c24fd047b04","/asset-manifest.json":"7e47396105bbbb96800afd48a163d2bd76601b350a5a8fdb2079992eebb168c2","/index.html":"7c829c2805e255bb57b0881cc0474372e096d9e64a04dc6fa7ac59acb5f280de","/static/js/main.a47afa7a.js.LICENSE.txt":"4c0f1c2c28d117259f255738d85e1f49c15a3d71096b7346373505d5f0efa328","/static/css/main.d109d259.css.map":"b51ff3e8ab8bff90feea85ff3081fd9e8e4ddba147d133741933eaaf788e690b","/legacy/index.html":"724a1ee8be3395fcc903a4882294d148241327bb23b4cab9905a30d72c5b2ba3","/legacy/assets/power-icon.png":"b18756ca26b18ff947b8b87f2cf9837a6fc6944e9550aa0a4034e38df17c18f3","/static/js/main.a47afa7a.js":"1adcfd62a4c94810ee6c29e651856ae5c1adbdd0e4c91e6b67575bd9a21aacd5","/legacy/assets/endurance-icon.png":"a1b8d8883aa415b9e3c2c6fa9cee2b4aec5ed3f6f459abf6dc517ba94d0a81c1","/legacy/assets/swiftness-icon.png":"c70f2b6d7a46aad7a66963ef7a2c08a01dfe7ac9e0e5d39ebdb697eb28a5be34","/legacy/assets/store-icon.png":"48f7d767578a38dc46005b307ce718d4b0efda2ab805aada790739f88f9c0ce6","/legacy/assets/energy-icon.png":"ddc9479e900c0c1c764c7ecdce3bb49d69e7c320d529fb7ba012ba210eb1d02a","/legacy/assets/upgrade-icon.png":"8ff90df9a98a48e11b8990ee4f7f8066d30f047904813b46a0ad0b22102fb941","/legacy/assets/boomerang-icon.png":"fe0f7ab34d43d5ffaae74d596f2ebce0317067c75177e670e8d6f8eae0bbffad","/legacy/assets/leaderboards-icon.png":"fddfa132b49ebf771eb873ae2e0a9b84045b95ab50dd2f745a3b6a03acaefe17","/legacy/assets/vitality-icon.png":"5aaf67e8bd2713f8ab556d280861a1e89d9a6ea2fcfdd29983159a25d53f6409","/legacy/assets/magnetism-icon.png":"b520b884abce933a7020e55dd48dfed7d363d10bb3ee2e131a84d157dc754a5a","/legacy/assets/greed-icon.png":"5af552590127c7e03b0de88ce2ca8ba33eb0cc935c05399932bdbf42e7fddbbc","/legacy/assets/recovery-icon.png":"abb3cd2d55cbc751e52f333becee6e5aab978257ee6f4982583acfcc1c424bf0","/legacy/assets/wins-icon.png":"0a8f2ab866e22987198dc39685b532a5c40ef63cbbc979f2b35651a72bd2585d","/legacy/assets/wisdom-icon.png":"4610f102ad09b471616c4a7060134d26d2b48a3b31e27aaf9056d2b57f0499fe","/legacy/assets/loadout-icon.png":"5c945f53f040a419f644bbe42c2bedef45fd142c785266f250c6a8167efe8b72","/legacy/assets/home-icon.png":"a3db410bac0b30651742fbd7e3597cafba8865f6b16024311878d975da84806d","/legacy/assets/kills-icon.png":"2c8002fdd6d860733c60302e4c92137a811be66a1fcaefd7800d0cc8532a69f8","/legacy/assets/coins-icon.png":"9df280f5e35f960414958cc713dcd46917ebd92b1c78066a6193ca569569d0a1","/static/js/main.a47afa7a.js.map":"87dce0dc688a7ab4420a6426d00935dd6d625ecbcc49131f9e64996a625481ec","/legacy/assets/boomerang.glb":"104f957c4fd809936194b26837430d965b480900d645e8db43ae7a3631e5b716"}}
[debug] [2026-07-02T12:38:35.389Z] <<< [apiv2][status] POST https://firebasehosting.googleapis.com/v1beta1/projects/176088601846/sites/infinft-monster-mayhem-dev/versions/e80533380feffaf6:populateFiles 200
[debug] [2026-07-02T12:38:35.389Z] <<< [apiv2][body] POST https://firebasehosting.googleapis.com/v1beta1/projects/176088601846/sites/infinft-monster-mayhem-dev/versions/e80533380feffaf6:populateFiles {"uploadRequiredHashes":["2c8002fdd6d860733c60302e4c92137a811be66a1fcaefd7800d0cc8532a69f8","1adcfd62a4c94810ee6c29e651856ae5c1adbdd0e4c91e6b67575bd9a21aacd5","fddfa132b49ebf771eb873ae2e0a9b84045b95ab50dd2f745a3b6a03acaefe17","a3db410bac0b30651742fbd7e3597cafba8865f6b16024311878d975da84806d","a1b8d8883aa415b9e3c2c6fa9cee2b4aec5ed3f6f459abf6dc517ba94d0a81c1","104f957c4fd809936194b26837430d965b480900d645e8db43ae7a3631e5b716","4610f102ad09b471616c4a7060134d26d2b48a3b31e27aaf9056d2b57f0499fe","8ff90df9a98a48e11b8990ee4f7f8066d30f047904813b46a0ad0b22102fb941","4c0f1c2c28d117259f255738d85e1f49c15a3d71096b7346373505d5f0efa328","9df280f5e35f960414958cc713dcd46917ebd92b1c78066a6193ca569569d0a1","5c945f53f040a419f644bbe42c2bedef45fd142c785266f250c6a8167efe8b72","c70f2b6d7a46aad7a66963ef7a2c08a01dfe7ac9e0e5d39ebdb697eb28a5be34","abb3cd2d55cbc751e52f333becee6e5aab978257ee6f4982583acfcc1c424bf0","b18756ca26b18ff947b8b87f2cf9837a6fc6944e9550aa0a4034e38df17c18f3","48f7d767578a38dc46005b307ce718d4b0efda2ab805aada790739f88f9c0ce6","fe0f7ab34d43d5ffaae74d596f2ebce0317067c75177e670e8d6f8eae0bbffad","5af552590127c7e03b0de88ce2ca8ba33eb0cc935c05399932bdbf42e7fddbbc","87dce0dc688a7ab4420a6426d00935dd6d625ecbcc49131f9e64996a625481ec","7c829c2805e255bb57b0881cc0474372e096d9e64a04dc6fa7ac59acb5f280de","5aaf67e8bd2713f8ab556d280861a1e89d9a6ea2fcfdd29983159a25d53f6409","7e47396105bbbb96800afd48a163d2bd76601b350a5a8fdb2079992eebb168c2","ddc9479e900c0c1c764c7ecdce3bb49d69e7c320d529fb7ba012ba210eb1d02a","b520b884abce933a7020e55dd48dfed7d363d10bb3ee2e131a84d157dc754a5a","0a8f2ab866e22987198dc39685b532a5c40ef63cbbc979f2b35651a72bd2585d","724a1ee8be3395fcc903a4882294d148241327bb23b4cab9905a30d72c5b2ba3"],"uploadUrl":"https://upload-firebasehosting.googleapis.com/upload/sites/infinft-monster-mayhem-dev/versions/e80533380feffaf6/files"}
[debug] [2026-07-02T12:38:35.389Z] Checked if tokens are valid: true, expires at: 1782999511785
[debug] [2026-07-02T12:38:35.389Z] Checked if tokens are valid: true, expires at: 1782999511785
[debug] [2026-07-02T12:38:35.390Z] Checked if tokens are valid: true, expires at: 1782999511785
[debug] [2026-07-02T12:38:35.390Z] Checked if tokens are valid: true, expires at: 1782999511785
[debug] [2026-07-02T12:38:35.390Z] Checked if tokens are valid: true, expires at: 1782999511785
[debug] [2026-07-02T12:38:35.390Z] Checked if tokens are valid: true, expires at: 1782999511785
[debug] [2026-07-02T12:38:35.390Z] Checked if tokens are valid: true, expires at: 1782999511785
[debug] [2026-07-02T12:38:35.390Z] Checked if tokens are valid: true, expires at: 1782999511785
[debug] [2026-07-02T12:38:35.390Z] Checked if tokens are valid: true, expires at: 1782999511785
[debug] [2026-07-02T12:38:35.390Z] Checked if tokens are valid: true, expires at: 1782999511785
[debug] [2026-07-02T12:38:35.391Z] Checked if tokens are valid: true, expires at: 1782999511785
[debug] [2026-07-02T12:38:35.391Z] Checked if tokens are valid: true, expires at: 1782999511785
[debug] [2026-07-02T12:38:35.391Z] Checked if tokens are valid: true, expires at: 1782999511785
[debug] [2026-07-02T12:38:35.391Z] Checked if tokens are valid: true, expires at: 1782999511785
[debug] [2026-07-02T12:38:35.391Z] Checked if tokens are valid: true, expires at: 1782999511785
[debug] [2026-07-02T12:38:35.391Z] Checked if tokens are valid: true, expires at: 1782999511785
[debug] [2026-07-02T12:38:35.391Z] Checked if tokens are valid: true, expires at: 1782999511785
[debug] [2026-07-02T12:38:35.392Z] Checked if tokens are valid: true, expires at: 1782999511785
[debug] [2026-07-02T12:38:35.392Z] Checked if tokens are valid: true, expires at: 1782999511785
[debug] [2026-07-02T12:38:35.392Z] Checked if tokens are valid: true, expires at: 1782999511785
[debug] [2026-07-02T12:38:35.392Z] Checked if tokens are valid: true, expires at: 1782999511785
[debug] [2026-07-02T12:38:35.392Z] Checked if tokens are valid: true, expires at: 1782999511785
[debug] [2026-07-02T12:38:35.392Z] Checked if tokens are valid: true, expires at: 1782999511785
[debug] [2026-07-02T12:38:35.392Z] Checked if tokens are valid: true, expires at: 1782999511785
[debug] [2026-07-02T12:38:35.393Z] Checked if tokens are valid: true, expires at: 1782999511785
[debug] [2026-07-02T12:38:35.393Z] Checked if tokens are valid: true, expires at: 1782999511785
[debug] [2026-07-02T12:38:35.393Z] Checked if tokens are valid: true, expires at: 1782999511785
[debug] [2026-07-02T12:38:35.393Z] Checked if tokens are valid: true, expires at: 1782999511785
[debug] [2026-07-02T12:38:35.393Z] Checked if tokens are valid: true, expires at: 1782999511785
[debug] [2026-07-02T12:38:35.393Z] Checked if tokens are valid: true, expires at: 1782999511785
[debug] [2026-07-02T12:38:35.393Z] Checked if tokens are valid: true, expires at: 1782999511785
[debug] [2026-07-02T12:38:35.393Z] Checked if tokens are valid: true, expires at: 1782999511785
[debug] [2026-07-02T12:38:35.393Z] Checked if tokens are valid: true, expires at: 1782999511785
[debug] [2026-07-02T12:38:35.393Z] Checked if tokens are valid: true, expires at: 1782999511785
[debug] [2026-07-02T12:38:35.393Z] Checked if tokens are valid: true, expires at: 1782999511785
[debug] [2026-07-02T12:38:35.393Z] Checked if tokens are valid: true, expires at: 1782999511785
[debug] [2026-07-02T12:38:35.393Z] Checked if tokens are valid: true, expires at: 1782999511785
[debug] [2026-07-02T12:38:35.394Z] Checked if tokens are valid: true, expires at: 1782999511785
[debug] [2026-07-02T12:38:35.394Z] Checked if tokens are valid: true, expires at: 1782999511785
[debug] [2026-07-02T12:38:35.394Z] Checked if tokens are valid: true, expires at: 1782999511785
[debug] [2026-07-02T12:38:35.394Z] Checked if tokens are valid: true, expires at: 1782999511785
[debug] [2026-07-02T12:38:35.394Z] Checked if tokens are valid: true, expires at: 1782999511785
[debug] [2026-07-02T12:38:35.394Z] Checked if tokens are valid: true, expires at: 1782999511785
[debug] [2026-07-02T12:38:35.394Z] Checked if tokens are valid: true, expires at: 1782999511785
[debug] [2026-07-02T12:38:35.394Z] Checked if tokens are valid: true, expires at: 1782999511785
[debug] [2026-07-02T12:38:35.394Z] Checked if tokens are valid: true, expires at: 1782999511785
[debug] [2026-07-02T12:38:35.394Z] Checked if tokens are valid: true, expires at: 1782999511785
[debug] [2026-07-02T12:38:35.394Z] Checked if tokens are valid: true, expires at: 1782999511785
[debug] [2026-07-02T12:38:35.395Z] Checked if tokens are valid: true, expires at: 1782999511785
[debug] [2026-07-02T12:38:35.395Z] Checked if tokens are valid: true, expires at: 1782999511785
[debug] [2026-07-02T12:38:35.395Z] >>> [apiv2][query] POST https://upload-firebasehosting.googleapis.com/upload/sites/infinft-monster-mayhem-dev/versions/e80533380feffaf6/files/2c8002fdd6d860733c60302e4c92137a811be66a1fcaefd7800d0cc8532a69f8 [none]
[debug] [2026-07-02T12:38:35.395Z] >>> [apiv2][body] POST https://upload-firebasehosting.googleapis.com/upload/sites/infinft-monster-mayhem-dev/versions/e80533380feffaf6/files/2c8002fdd6d860733c60302e4c92137a811be66a1fcaefd7800d0cc8532a69f8 [stream]
[debug] [2026-07-02T12:38:35.396Z] >>> [apiv2][query] POST https://upload-firebasehosting.googleapis.com/upload/sites/infinft-monster-mayhem-dev/versions/e80533380feffaf6/files/1adcfd62a4c94810ee6c29e651856ae5c1adbdd0e4c91e6b67575bd9a21aacd5 [none]
[debug] [2026-07-02T12:38:35.396Z] >>> [apiv2][body] POST https://upload-firebasehosting.googleapis.com/upload/sites/infinft-monster-mayhem-dev/versions/e80533380feffaf6/files/1adcfd62a4c94810ee6c29e651856ae5c1adbdd0e4c91e6b67575bd9a21aacd5 [stream]
[debug] [2026-07-02T12:38:35.397Z] >>> [apiv2][query] POST https://upload-firebasehosting.googleapis.com/upload/sites/infinft-monster-mayhem-dev/versions/e80533380feffaf6/files/fddfa132b49ebf771eb873ae2e0a9b84045b95ab50dd2f745a3b6a03acaefe17 [none]
[debug] [2026-07-02T12:38:35.397Z] >>> [apiv2][body] POST https://upload-firebasehosting.googleapis.com/upload/sites/infinft-monster-mayhem-dev/versions/e80533380feffaf6/files/fddfa132b49ebf771eb873ae2e0a9b84045b95ab50dd2f745a3b6a03acaefe17 [stream]
[debug] [2026-07-02T12:38:35.399Z] >>> [apiv2][query] POST https://upload-firebasehosting.googleapis.com/upload/sites/infinft-monster-mayhem-dev/versions/e80533380feffaf6/files/a3db410bac0b30651742fbd7e3597cafba8865f6b16024311878d975da84806d [none]
[debug] [2026-07-02T12:38:35.399Z] >>> [apiv2][body] POST https://upload-firebasehosting.googleapis.com/upload/sites/infinft-monster-mayhem-dev/versions/e80533380feffaf6/files/a3db410bac0b30651742fbd7e3597cafba8865f6b16024311878d975da84806d [stream]
[debug] [2026-07-02T12:38:35.400Z] >>> [apiv2][query] POST https://upload-firebasehosting.googleapis.com/upload/sites/infinft-monster-mayhem-dev/versions/e80533380feffaf6/files/a1b8d8883aa415b9e3c2c6fa9cee2b4aec5ed3f6f459abf6dc517ba94d0a81c1 [none]
[debug] [2026-07-02T12:38:35.401Z] >>> [apiv2][body] POST https://upload-firebasehosting.googleapis.com/upload/sites/infinft-monster-mayhem-dev/versions/e80533380feffaf6/files/a1b8d8883aa415b9e3c2c6fa9cee2b4aec5ed3f6f459abf6dc517ba94d0a81c1 [stream]
[debug] [2026-07-02T12:38:35.401Z] >>> [apiv2][query] POST https://upload-firebasehosting.googleapis.com/upload/sites/infinft-monster-mayhem-dev/versions/e80533380feffaf6/files/104f957c4fd809936194b26837430d965b480900d645e8db43ae7a3631e5b716 [none]
[debug] [2026-07-02T12:38:35.401Z] >>> [apiv2][body] POST https://upload-firebasehosting.googleapis.com/upload/sites/infinft-monster-mayhem-dev/versions/e80533380feffaf6/files/104f957c4fd809936194b26837430d965b480900d645e8db43ae7a3631e5b716 [stream]
[debug] [2026-07-02T12:38:35.402Z] >>> [apiv2][query] POST https://upload-firebasehosting.googleapis.com/upload/sites/infinft-monster-mayhem-dev/versions/e80533380feffaf6/files/4610f102ad09b471616c4a7060134d26d2b48a3b31e27aaf9056d2b57f0499fe [none]
[debug] [2026-07-02T12:38:35.402Z] >>> [apiv2][body] POST https://upload-firebasehosting.googleapis.com/upload/sites/infinft-monster-mayhem-dev/versions/e80533380feffaf6/files/4610f102ad09b471616c4a7060134d26d2b48a3b31e27aaf9056d2b57f0499fe [stream]
[debug] [2026-07-02T12:38:35.403Z] >>> [apiv2][query] POST https://upload-firebasehosting.googleapis.com/upload/sites/infinft-monster-mayhem-dev/versions/e80533380feffaf6/files/8ff90df9a98a48e11b8990ee4f7f8066d30f047904813b46a0ad0b22102fb941 [none]
[debug] [2026-07-02T12:38:35.403Z] >>> [apiv2][body] POST https://upload-firebasehosting.googleapis.com/upload/sites/infinft-monster-mayhem-dev/versions/e80533380feffaf6/files/8ff90df9a98a48e11b8990ee4f7f8066d30f047904813b46a0ad0b22102fb941 [stream]
[debug] [2026-07-02T12:38:35.405Z] >>> [apiv2][query] POST https://upload-firebasehosting.googleapis.com/upload/sites/infinft-monster-mayhem-dev/versions/e80533380feffaf6/files/4c0f1c2c28d117259f255738d85e1f49c15a3d71096b7346373505d5f0efa328 [none]
[debug] [2026-07-02T12:38:35.405Z] >>> [apiv2][body] POST https://upload-firebasehosting.googleapis.com/upload/sites/infinft-monster-mayhem-dev/versions/e80533380feffaf6/files/4c0f1c2c28d117259f255738d85e1f49c15a3d71096b7346373505d5f0efa328 [stream]
[debug] [2026-07-02T12:38:35.406Z] >>> [apiv2][query] POST https://upload-firebasehosting.googleapis.com/upload/sites/infinft-monster-mayhem-dev/versions/e80533380feffaf6/files/9df280f5e35f960414958cc713dcd46917ebd92b1c78066a6193ca569569d0a1 [none]
[debug] [2026-07-02T12:38:35.406Z] >>> [apiv2][body] POST https://upload-firebasehosting.googleapis.com/upload/sites/infinft-monster-mayhem-dev/versions/e80533380feffaf6/files/9df280f5e35f960414958cc713dcd46917ebd92b1c78066a6193ca569569d0a1 [stream]
[debug] [2026-07-02T12:38:35.408Z] >>> [apiv2][query] POST https://upload-firebasehosting.googleapis.com/upload/sites/infinft-monster-mayhem-dev/versions/e80533380feffaf6/files/5c945f53f040a419f644bbe42c2bedef45fd142c785266f250c6a8167efe8b72 [none]
[debug] [2026-07-02T12:38:35.408Z] >>> [apiv2][body] POST https://upload-firebasehosting.googleapis.com/upload/sites/infinft-monster-mayhem-dev/versions/e80533380feffaf6/files/5c945f53f040a419f644bbe42c2bedef45fd142c785266f250c6a8167efe8b72 [stream]
[debug] [2026-07-02T12:38:35.409Z] >>> [apiv2][query] POST https://upload-firebasehosting.googleapis.com/upload/sites/infinft-monster-mayhem-dev/versions/e80533380feffaf6/files/c70f2b6d7a46aad7a66963ef7a2c08a01dfe7ac9e0e5d39ebdb697eb28a5be34 [none]
[debug] [2026-07-02T12:38:35.409Z] >>> [apiv2][body] POST https://upload-firebasehosting.googleapis.com/upload/sites/infinft-monster-mayhem-dev/versions/e80533380feffaf6/files/c70f2b6d7a46aad7a66963ef7a2c08a01dfe7ac9e0e5d39ebdb697eb28a5be34 [stream]
[debug] [2026-07-02T12:38:35.409Z] >>> [apiv2][query] POST https://upload-firebasehosting.googleapis.com/upload/sites/infinft-monster-mayhem-dev/versions/e80533380feffaf6/files/abb3cd2d55cbc751e52f333becee6e5aab978257ee6f4982583acfcc1c424bf0 [none]
[debug] [2026-07-02T12:38:35.409Z] >>> [apiv2][body] POST https://upload-firebasehosting.googleapis.com/upload/sites/infinft-monster-mayhem-dev/versions/e80533380feffaf6/files/abb3cd2d55cbc751e52f333becee6e5aab978257ee6f4982583acfcc1c424bf0 [stream]
[debug] [2026-07-02T12:38:35.410Z] >>> [apiv2][query] POST https://upload-firebasehosting.googleapis.com/upload/sites/infinft-monster-mayhem-dev/versions/e80533380feffaf6/files/b18756ca26b18ff947b8b87f2cf9837a6fc6944e9550aa0a4034e38df17c18f3 [none]
[debug] [2026-07-02T12:38:35.410Z] >>> [apiv2][body] POST https://upload-firebasehosting.googleapis.com/upload/sites/infinft-monster-mayhem-dev/versions/e80533380feffaf6/files/b18756ca26b18ff947b8b87f2cf9837a6fc6944e9550aa0a4034e38df17c18f3 [stream]
[debug] [2026-07-02T12:38:35.411Z] >>> [apiv2][query] POST https://upload-firebasehosting.googleapis.com/upload/sites/infinft-monster-mayhem-dev/versions/e80533380feffaf6/files/48f7d767578a38dc46005b307ce718d4b0efda2ab805aada790739f88f9c0ce6 [none]
[debug] [2026-07-02T12:38:35.411Z] >>> [apiv2][body] POST https://upload-firebasehosting.googleapis.com/upload/sites/infinft-monster-mayhem-dev/versions/e80533380feffaf6/files/48f7d767578a38dc46005b307ce718d4b0efda2ab805aada790739f88f9c0ce6 [stream]
[debug] [2026-07-02T12:38:35.412Z] >>> [apiv2][query] POST https://upload-firebasehosting.googleapis.com/upload/sites/infinft-monster-mayhem-dev/versions/e80533380feffaf6/files/fe0f7ab34d43d5ffaae74d596f2ebce0317067c75177e670e8d6f8eae0bbffad [none]
[debug] [2026-07-02T12:38:35.412Z] >>> [apiv2][body] POST https://upload-firebasehosting.googleapis.com/upload/sites/infinft-monster-mayhem-dev/versions/e80533380feffaf6/files/fe0f7ab34d43d5ffaae74d596f2ebce0317067c75177e670e8d6f8eae0bbffad [stream]
[debug] [2026-07-02T12:38:35.413Z] >>> [apiv2][query] POST https://upload-firebasehosting.googleapis.com/upload/sites/infinft-monster-mayhem-dev/versions/e80533380feffaf6/files/5af552590127c7e03b0de88ce2ca8ba33eb0cc935c05399932bdbf42e7fddbbc [none]
[debug] [2026-07-02T12:38:35.413Z] >>> [apiv2][body] POST https://upload-firebasehosting.googleapis.com/upload/sites/infinft-monster-mayhem-dev/versions/e80533380feffaf6/files/5af552590127c7e03b0de88ce2ca8ba33eb0cc935c05399932bdbf42e7fddbbc [stream]
[debug] [2026-07-02T12:38:35.414Z] >>> [apiv2][query] POST https://upload-firebasehosting.googleapis.com/upload/sites/infinft-monster-mayhem-dev/versions/e80533380feffaf6/files/87dce0dc688a7ab4420a6426d00935dd6d625ecbcc49131f9e64996a625481ec [none]
[debug] [2026-07-02T12:38:35.414Z] >>> [apiv2][body] POST https://upload-firebasehosting.googleapis.com/upload/sites/infinft-monster-mayhem-dev/versions/e80533380feffaf6/files/87dce0dc688a7ab4420a6426d00935dd6d625ecbcc49131f9e64996a625481ec [stream]
[debug] [2026-07-02T12:38:35.415Z] >>> [apiv2][query] POST https://upload-firebasehosting.googleapis.com/upload/sites/infinft-monster-mayhem-dev/versions/e80533380feffaf6/files/7c829c2805e255bb57b0881cc0474372e096d9e64a04dc6fa7ac59acb5f280de [none]
[debug] [2026-07-02T12:38:35.415Z] >>> [apiv2][body] POST https://upload-firebasehosting.googleapis.com/upload/sites/infinft-monster-mayhem-dev/versions/e80533380feffaf6/files/7c829c2805e255bb57b0881cc0474372e096d9e64a04dc6fa7ac59acb5f280de [stream]
[debug] [2026-07-02T12:38:35.415Z] >>> [apiv2][query] POST https://upload-firebasehosting.googleapis.com/upload/sites/infinft-monster-mayhem-dev/versions/e80533380feffaf6/files/5aaf67e8bd2713f8ab556d280861a1e89d9a6ea2fcfdd29983159a25d53f6409 [none]
[debug] [2026-07-02T12:38:35.415Z] >>> [apiv2][body] POST https://upload-firebasehosting.googleapis.com/upload/sites/infinft-monster-mayhem-dev/versions/e80533380feffaf6/files/5aaf67e8bd2713f8ab556d280861a1e89d9a6ea2fcfdd29983159a25d53f6409 [stream]
[debug] [2026-07-02T12:38:35.416Z] >>> [apiv2][query] POST https://upload-firebasehosting.googleapis.com/upload/sites/infinft-monster-mayhem-dev/versions/e80533380feffaf6/files/7e47396105bbbb96800afd48a163d2bd76601b350a5a8fdb2079992eebb168c2 [none]
[debug] [2026-07-02T12:38:35.416Z] >>> [apiv2][body] POST https://upload-firebasehosting.googleapis.com/upload/sites/infinft-monster-mayhem-dev/versions/e80533380feffaf6/files/7e47396105bbbb96800afd48a163d2bd76601b350a5a8fdb2079992eebb168c2 [stream]
[debug] [2026-07-02T12:38:35.417Z] >>> [apiv2][query] POST https://upload-firebasehosting.googleapis.com/upload/sites/infinft-monster-mayhem-dev/versions/e80533380feffaf6/files/ddc9479e900c0c1c764c7ecdce3bb49d69e7c320d529fb7ba012ba210eb1d02a [none]
[debug] [2026-07-02T12:38:35.417Z] >>> [apiv2][body] POST https://upload-firebasehosting.googleapis.com/upload/sites/infinft-monster-mayhem-dev/versions/e80533380feffaf6/files/ddc9479e900c0c1c764c7ecdce3bb49d69e7c320d529fb7ba012ba210eb1d02a [stream]
[debug] [2026-07-02T12:38:35.417Z] >>> [apiv2][query] POST https://upload-firebasehosting.googleapis.com/upload/sites/infinft-monster-mayhem-dev/versions/e80533380feffaf6/files/b520b884abce933a7020e55dd48dfed7d363d10bb3ee2e131a84d157dc754a5a [none]
[debug] [2026-07-02T12:38:35.417Z] >>> [apiv2][body] POST https://upload-firebasehosting.googleapis.com/upload/sites/infinft-monster-mayhem-dev/versions/e80533380feffaf6/files/b520b884abce933a7020e55dd48dfed7d363d10bb3ee2e131a84d157dc754a5a [stream]
[debug] [2026-07-02T12:38:35.418Z] >>> [apiv2][query] POST https://upload-firebasehosting.googleapis.com/upload/sites/infinft-monster-mayhem-dev/versions/e80533380feffaf6/files/0a8f2ab866e22987198dc39685b532a5c40ef63cbbc979f2b35651a72bd2585d [none]
[debug] [2026-07-02T12:38:35.418Z] >>> [apiv2][body] POST https://upload-firebasehosting.googleapis.com/upload/sites/infinft-monster-mayhem-dev/versions/e80533380feffaf6/files/0a8f2ab866e22987198dc39685b532a5c40ef63cbbc979f2b35651a72bd2585d [stream]
[debug] [2026-07-02T12:38:35.420Z] >>> [apiv2][query] POST https://upload-firebasehosting.googleapis.com/upload/sites/infinft-monster-mayhem-dev/versions/e80533380feffaf6/files/724a1ee8be3395fcc903a4882294d148241327bb23b4cab9905a30d72c5b2ba3 [none]
[debug] [2026-07-02T12:38:35.420Z] >>> [apiv2][body] POST https://upload-firebasehosting.googleapis.com/upload/sites/infinft-monster-mayhem-dev/versions/e80533380feffaf6/files/724a1ee8be3395fcc903a4882294d148241327bb23b4cab9905a30d72c5b2ba3 [stream]
[debug] [2026-07-02T12:38:35.421Z] [hosting][populate queue][FINAL] {"max":406,"min":406,"avg":406,"active":0,"complete":1,"success":1,"errored":0,"retried":0,"total":1,"elapsed":432}
[debug] [2026-07-02T12:38:35.421Z] [hosting] uploads queued: 25
[debug] [2026-07-02T12:38:36.056Z] <<< [apiv2][status] POST https://upload-firebasehosting.googleapis.com/upload/sites/infinft-monster-mayhem-dev/versions/e80533380feffaf6/files/4c0f1c2c28d117259f255738d85e1f49c15a3d71096b7346373505d5f0efa328 200
[debug] [2026-07-02T12:38:36.056Z] <<< [apiv2][body] POST https://upload-firebasehosting.googleapis.com/upload/sites/infinft-monster-mayhem-dev/versions/e80533380feffaf6/files/4c0f1c2c28d117259f255738d85e1f49c15a3d71096b7346373505d5f0efa328 [stream]
[debug] [2026-07-02T12:38:36.118Z] <<< [apiv2][status] POST https://upload-firebasehosting.googleapis.com/upload/sites/infinft-monster-mayhem-dev/versions/e80533380feffaf6/files/7e47396105bbbb96800afd48a163d2bd76601b350a5a8fdb2079992eebb168c2 200
[debug] [2026-07-02T12:38:36.118Z] <<< [apiv2][body] POST https://upload-firebasehosting.googleapis.com/upload/sites/infinft-monster-mayhem-dev/versions/e80533380feffaf6/files/7e47396105bbbb96800afd48a163d2bd76601b350a5a8fdb2079992eebb168c2 [stream]
[debug] [2026-07-02T12:38:36.155Z] <<< [apiv2][status] POST https://upload-firebasehosting.googleapis.com/upload/sites/infinft-monster-mayhem-dev/versions/e80533380feffaf6/files/7c829c2805e255bb57b0881cc0474372e096d9e64a04dc6fa7ac59acb5f280de 200
[debug] [2026-07-02T12:38:36.155Z] <<< [apiv2][body] POST https://upload-firebasehosting.googleapis.com/upload/sites/infinft-monster-mayhem-dev/versions/e80533380feffaf6/files/7c829c2805e255bb57b0881cc0474372e096d9e64a04dc6fa7ac59acb5f280de [stream]
[debug] [2026-07-02T12:38:36.381Z] <<< [apiv2][status] POST https://upload-firebasehosting.googleapis.com/upload/sites/infinft-monster-mayhem-dev/versions/e80533380feffaf6/files/724a1ee8be3395fcc903a4882294d148241327bb23b4cab9905a30d72c5b2ba3 200
[debug] [2026-07-02T12:38:36.382Z] <<< [apiv2][body] POST https://upload-firebasehosting.googleapis.com/upload/sites/infinft-monster-mayhem-dev/versions/e80533380feffaf6/files/724a1ee8be3395fcc903a4882294d148241327bb23b4cab9905a30d72c5b2ba3 [stream]
[debug] [2026-07-02T12:38:37.371Z] <<< [apiv2][status] POST https://upload-firebasehosting.googleapis.com/upload/sites/infinft-monster-mayhem-dev/versions/e80533380feffaf6/files/1adcfd62a4c94810ee6c29e651856ae5c1adbdd0e4c91e6b67575bd9a21aacd5 200
[debug] [2026-07-02T12:38:37.371Z] <<< [apiv2][body] POST https://upload-firebasehosting.googleapis.com/upload/sites/infinft-monster-mayhem-dev/versions/e80533380feffaf6/files/1adcfd62a4c94810ee6c29e651856ae5c1adbdd0e4c91e6b67575bd9a21aacd5 [stream]
[debug] [2026-07-02T12:38:38.002Z] <<< [apiv2][status] POST https://upload-firebasehosting.googleapis.com/upload/sites/infinft-monster-mayhem-dev/versions/e80533380feffaf6/files/fddfa132b49ebf771eb873ae2e0a9b84045b95ab50dd2f745a3b6a03acaefe17 200
[debug] [2026-07-02T12:38:38.002Z] <<< [apiv2][body] POST https://upload-firebasehosting.googleapis.com/upload/sites/infinft-monster-mayhem-dev/versions/e80533380feffaf6/files/fddfa132b49ebf771eb873ae2e0a9b84045b95ab50dd2f745a3b6a03acaefe17 [stream]
[debug] [2026-07-02T12:38:38.005Z] <<< [apiv2][status] POST https://upload-firebasehosting.googleapis.com/upload/sites/infinft-monster-mayhem-dev/versions/e80533380feffaf6/files/5af552590127c7e03b0de88ce2ca8ba33eb0cc935c05399932bdbf42e7fddbbc 200
[debug] [2026-07-02T12:38:38.005Z] <<< [apiv2][body] POST https://upload-firebasehosting.googleapis.com/upload/sites/infinft-monster-mayhem-dev/versions/e80533380feffaf6/files/5af552590127c7e03b0de88ce2ca8ba33eb0cc935c05399932bdbf42e7fddbbc [stream]
[debug] [2026-07-02T12:38:38.111Z] <<< [apiv2][status] POST https://upload-firebasehosting.googleapis.com/upload/sites/infinft-monster-mayhem-dev/versions/e80533380feffaf6/files/a1b8d8883aa415b9e3c2c6fa9cee2b4aec5ed3f6f459abf6dc517ba94d0a81c1 200
[debug] [2026-07-02T12:38:38.111Z] <<< [apiv2][body] POST https://upload-firebasehosting.googleapis.com/upload/sites/infinft-monster-mayhem-dev/versions/e80533380feffaf6/files/a1b8d8883aa415b9e3c2c6fa9cee2b4aec5ed3f6f459abf6dc517ba94d0a81c1 [stream]
[debug] [2026-07-02T12:38:38.231Z] <<< [apiv2][status] POST https://upload-firebasehosting.googleapis.com/upload/sites/infinft-monster-mayhem-dev/versions/e80533380feffaf6/files/abb3cd2d55cbc751e52f333becee6e5aab978257ee6f4982583acfcc1c424bf0 200
[debug] [2026-07-02T12:38:38.231Z] <<< [apiv2][body] POST https://upload-firebasehosting.googleapis.com/upload/sites/infinft-monster-mayhem-dev/versions/e80533380feffaf6/files/abb3cd2d55cbc751e52f333becee6e5aab978257ee6f4982583acfcc1c424bf0 [stream]
[debug] [2026-07-02T12:38:38.290Z] <<< [apiv2][status] POST https://upload-firebasehosting.googleapis.com/upload/sites/infinft-monster-mayhem-dev/versions/e80533380feffaf6/files/8ff90df9a98a48e11b8990ee4f7f8066d30f047904813b46a0ad0b22102fb941 200
[debug] [2026-07-02T12:38:38.290Z] <<< [apiv2][body] POST https://upload-firebasehosting.googleapis.com/upload/sites/infinft-monster-mayhem-dev/versions/e80533380feffaf6/files/8ff90df9a98a48e11b8990ee4f7f8066d30f047904813b46a0ad0b22102fb941 [stream]
[debug] [2026-07-02T12:38:38.406Z] <<< [apiv2][status] POST https://upload-firebasehosting.googleapis.com/upload/sites/infinft-monster-mayhem-dev/versions/e80533380feffaf6/files/2c8002fdd6d860733c60302e4c92137a811be66a1fcaefd7800d0cc8532a69f8 200
[debug] [2026-07-02T12:38:38.406Z] <<< [apiv2][body] POST https://upload-firebasehosting.googleapis.com/upload/sites/infinft-monster-mayhem-dev/versions/e80533380feffaf6/files/2c8002fdd6d860733c60302e4c92137a811be66a1fcaefd7800d0cc8532a69f8 [stream]
[debug] [2026-07-02T12:38:38.406Z] <<< [apiv2][status] POST https://upload-firebasehosting.googleapis.com/upload/sites/infinft-monster-mayhem-dev/versions/e80533380feffaf6/files/fe0f7ab34d43d5ffaae74d596f2ebce0317067c75177e670e8d6f8eae0bbffad 200
[debug] [2026-07-02T12:38:38.406Z] <<< [apiv2][body] POST https://upload-firebasehosting.googleapis.com/upload/sites/infinft-monster-mayhem-dev/versions/e80533380feffaf6/files/fe0f7ab34d43d5ffaae74d596f2ebce0317067c75177e670e8d6f8eae0bbffad [stream]
[debug] [2026-07-02T12:38:38.475Z] <<< [apiv2][status] POST https://upload-firebasehosting.googleapis.com/upload/sites/infinft-monster-mayhem-dev/versions/e80533380feffaf6/files/b18756ca26b18ff947b8b87f2cf9837a6fc6944e9550aa0a4034e38df17c18f3 200
[debug] [2026-07-02T12:38:38.475Z] <<< [apiv2][body] POST https://upload-firebasehosting.googleapis.com/upload/sites/infinft-monster-mayhem-dev/versions/e80533380feffaf6/files/b18756ca26b18ff947b8b87f2cf9837a6fc6944e9550aa0a4034e38df17c18f3 [stream]
[debug] [2026-07-02T12:38:38.564Z] <<< [apiv2][status] POST https://upload-firebasehosting.googleapis.com/upload/sites/infinft-monster-mayhem-dev/versions/e80533380feffaf6/files/b520b884abce933a7020e55dd48dfed7d363d10bb3ee2e131a84d157dc754a5a 200
[debug] [2026-07-02T12:38:38.564Z] <<< [apiv2][body] POST https://upload-firebasehosting.googleapis.com/upload/sites/infinft-monster-mayhem-dev/versions/e80533380feffaf6/files/b520b884abce933a7020e55dd48dfed7d363d10bb3ee2e131a84d157dc754a5a [stream]
[debug] [2026-07-02T12:38:38.574Z] <<< [apiv2][status] POST https://upload-firebasehosting.googleapis.com/upload/sites/infinft-monster-mayhem-dev/versions/e80533380feffaf6/files/c70f2b6d7a46aad7a66963ef7a2c08a01dfe7ac9e0e5d39ebdb697eb28a5be34 200
[debug] [2026-07-02T12:38:38.574Z] <<< [apiv2][body] POST https://upload-firebasehosting.googleapis.com/upload/sites/infinft-monster-mayhem-dev/versions/e80533380feffaf6/files/c70f2b6d7a46aad7a66963ef7a2c08a01dfe7ac9e0e5d39ebdb697eb28a5be34 [stream]
[debug] [2026-07-02T12:38:38.579Z] <<< [apiv2][status] POST https://upload-firebasehosting.googleapis.com/upload/sites/infinft-monster-mayhem-dev/versions/e80533380feffaf6/files/ddc9479e900c0c1c764c7ecdce3bb49d69e7c320d529fb7ba012ba210eb1d02a 200
[debug] [2026-07-02T12:38:38.579Z] <<< [apiv2][body] POST https://upload-firebasehosting.googleapis.com/upload/sites/infinft-monster-mayhem-dev/versions/e80533380feffaf6/files/ddc9479e900c0c1c764c7ecdce3bb49d69e7c320d529fb7ba012ba210eb1d02a [stream]
[debug] [2026-07-02T12:38:38.657Z] <<< [apiv2][status] POST https://upload-firebasehosting.googleapis.com/upload/sites/infinft-monster-mayhem-dev/versions/e80533380feffaf6/files/5aaf67e8bd2713f8ab556d280861a1e89d9a6ea2fcfdd29983159a25d53f6409 200
[debug] [2026-07-02T12:38:38.657Z] <<< [apiv2][body] POST https://upload-firebasehosting.googleapis.com/upload/sites/infinft-monster-mayhem-dev/versions/e80533380feffaf6/files/5aaf67e8bd2713f8ab556d280861a1e89d9a6ea2fcfdd29983159a25d53f6409 [stream]
[debug] [2026-07-02T12:38:38.820Z] <<< [apiv2][status] POST https://upload-firebasehosting.googleapis.com/upload/sites/infinft-monster-mayhem-dev/versions/e80533380feffaf6/files/48f7d767578a38dc46005b307ce718d4b0efda2ab805aada790739f88f9c0ce6 200
[debug] [2026-07-02T12:38:38.820Z] <<< [apiv2][body] POST https://upload-firebasehosting.googleapis.com/upload/sites/infinft-monster-mayhem-dev/versions/e80533380feffaf6/files/48f7d767578a38dc46005b307ce718d4b0efda2ab805aada790739f88f9c0ce6 [stream]
[debug] [2026-07-02T12:38:38.973Z] <<< [apiv2][status] POST https://upload-firebasehosting.googleapis.com/upload/sites/infinft-monster-mayhem-dev/versions/e80533380feffaf6/files/a3db410bac0b30651742fbd7e3597cafba8865f6b16024311878d975da84806d 200
[debug] [2026-07-02T12:38:38.973Z] <<< [apiv2][body] POST https://upload-firebasehosting.googleapis.com/upload/sites/infinft-monster-mayhem-dev/versions/e80533380feffaf6/files/a3db410bac0b30651742fbd7e3597cafba8865f6b16024311878d975da84806d [stream]
[debug] [2026-07-02T12:38:39.004Z] <<< [apiv2][status] POST https://upload-firebasehosting.googleapis.com/upload/sites/infinft-monster-mayhem-dev/versions/e80533380feffaf6/files/5c945f53f040a419f644bbe42c2bedef45fd142c785266f250c6a8167efe8b72 200
[debug] [2026-07-02T12:38:39.004Z] <<< [apiv2][body] POST https://upload-firebasehosting.googleapis.com/upload/sites/infinft-monster-mayhem-dev/versions/e80533380feffaf6/files/5c945f53f040a419f644bbe42c2bedef45fd142c785266f250c6a8167efe8b72 [stream]
[debug] [2026-07-02T12:38:39.031Z] <<< [apiv2][status] POST https://upload-firebasehosting.googleapis.com/upload/sites/infinft-monster-mayhem-dev/versions/e80533380feffaf6/files/0a8f2ab866e22987198dc39685b532a5c40ef63cbbc979f2b35651a72bd2585d 200
[debug] [2026-07-02T12:38:39.031Z] <<< [apiv2][body] POST https://upload-firebasehosting.googleapis.com/upload/sites/infinft-monster-mayhem-dev/versions/e80533380feffaf6/files/0a8f2ab866e22987198dc39685b532a5c40ef63cbbc979f2b35651a72bd2585d [stream]
[debug] [2026-07-02T12:38:39.078Z] <<< [apiv2][status] POST https://upload-firebasehosting.googleapis.com/upload/sites/infinft-monster-mayhem-dev/versions/e80533380feffaf6/files/9df280f5e35f960414958cc713dcd46917ebd92b1c78066a6193ca569569d0a1 200
[debug] [2026-07-02T12:38:39.078Z] <<< [apiv2][body] POST https://upload-firebasehosting.googleapis.com/upload/sites/infinft-monster-mayhem-dev/versions/e80533380feffaf6/files/9df280f5e35f960414958cc713dcd46917ebd92b1c78066a6193ca569569d0a1 [stream]
[debug] [2026-07-02T12:38:39.107Z] <<< [apiv2][status] POST https://upload-firebasehosting.googleapis.com/upload/sites/infinft-monster-mayhem-dev/versions/e80533380feffaf6/files/4610f102ad09b471616c4a7060134d26d2b48a3b31e27aaf9056d2b57f0499fe 200
[debug] [2026-07-02T12:38:39.107Z] <<< [apiv2][body] POST https://upload-firebasehosting.googleapis.com/upload/sites/infinft-monster-mayhem-dev/versions/e80533380feffaf6/files/4610f102ad09b471616c4a7060134d26d2b48a3b31e27aaf9056d2b57f0499fe [stream]
[debug] [2026-07-02T12:38:39.319Z] <<< [apiv2][status] POST https://upload-firebasehosting.googleapis.com/upload/sites/infinft-monster-mayhem-dev/versions/e80533380feffaf6/files/87dce0dc688a7ab4420a6426d00935dd6d625ecbcc49131f9e64996a625481ec 200
[debug] [2026-07-02T12:38:39.319Z] <<< [apiv2][body] POST https://upload-firebasehosting.googleapis.com/upload/sites/infinft-monster-mayhem-dev/versions/e80533380feffaf6/files/87dce0dc688a7ab4420a6426d00935dd6d625ecbcc49131f9e64996a625481ec [stream]
[debug] [2026-07-02T12:38:41.712Z] <<< [apiv2][status] POST https://upload-firebasehosting.googleapis.com/upload/sites/infinft-monster-mayhem-dev/versions/e80533380feffaf6/files/104f957c4fd809936194b26837430d965b480900d645e8db43ae7a3631e5b716 200
[debug] [2026-07-02T12:38:41.712Z] <<< [apiv2][body] POST https://upload-firebasehosting.googleapis.com/upload/sites/infinft-monster-mayhem-dev/versions/e80533380feffaf6/files/104f957c4fd809936194b26837430d965b480900d645e8db43ae7a3631e5b716 [stream]
[debug] [2026-07-02T12:38:41.712Z] [hosting][upload queue][FINAL] {"max":6322,"min":665,"avg":2905.16,"active":0,"complete":25,"success":25,"errored":0,"retried":0,"total":25,"elapsed":6323}
[info] +  hosting[infinft-monster-mayhem-dev]: file upload complete 
[debug] [2026-07-02T12:38:41.713Z] [hosting] deploy completed after 7296ms
[info] i  hosting[infinft-monster-mayhem]: beginning deploy... 
[info] i  hosting[infinft-monster-mayhem]: found 50 files in build 
[debug] [2026-07-02T12:38:41.718Z] [hosting] uploading with 200 concurrency
[debug] [2026-07-02T12:38:41.722Z] Checked if tokens are valid: true, expires at: 1782999511785
[debug] [2026-07-02T12:38:41.722Z] Checked if tokens are valid: true, expires at: 1782999511785
[debug] [2026-07-02T12:38:41.723Z] [hosting] hash cache [YnVpbGQ] stored for 50 files
[debug] [2026-07-02T12:38:41.723Z] [hosting][hash queue][FINAL] {"max":3,"min":0,"avg":0,"active":0,"complete":50,"success":50,"errored":0,"retried":0,"total":50,"elapsed":4}
[debug] [2026-07-02T12:38:41.724Z] >>> [apiv2][query] POST https://firebasehosting.googleapis.com/v1beta1/projects/176088601846/sites/infinft-monster-mayhem/versions/7c90086e6e7b3671:populateFiles [none]
[debug] [2026-07-02T12:38:41.724Z] >>> [apiv2][body] POST https://firebasehosting.googleapis.com/v1beta1/projects/176088601846/sites/infinft-monster-mayhem/versions/7c90086e6e7b3671:populateFiles {"files":{"/index.html":"7c829c2805e255bb57b0881cc0474372e096d9e64a04dc6fa7ac59acb5f280de","/asset-manifest.json":"7e47396105bbbb96800afd48a163d2bd76601b350a5a8fdb2079992eebb168c2","/static/media/landing-page-bg.1eff8fed3b88bf333555.png":"417f401dfee04b6e2f41f2466d3faebe7aa87fd1f6cad91db0697c9ca77fa78e","/static/js/main.b1946770.js.map":"41466d6cec7a2ec63c75d26559ffaed2053a9cfa84f83db0e38206f66bb9155f","/static/js/main.b1946770.js.LICENSE.txt":"cba9b640be180a0e2efd33b2da17aa7e970e888c8c1209070083b17510ffb4f2","/static/js/main.b1946770.js":"37669d69ee15931c18acf3384907d69f82fa4730c0e916bdf64bd0b5db7829d6","/static/js/main.a47afa7a.js.map":"87dce0dc688a7ab4420a6426d00935dd6d625ecbcc49131f9e64996a625481ec","/static/js/main.a47afa7a.js.LICENSE.txt":"4c0f1c2c28d117259f255738d85e1f49c15a3d71096b7346373505d5f0efa328","/static/js/main.a47afa7a.js":"1adcfd62a4c94810ee6c29e651856ae5c1adbdd0e4c91e6b67575bd9a21aacd5","/static/css/main.d109d259.css.map":"b51ff3e8ab8bff90feea85ff3081fd9e8e4ddba147d133741933eaaf788e690b","/static/css/main.d109d259.css":"eab54cc27bd70939b3caf93c05a3d40d7f163e5ed71c89eb18dc1f489e1a764b","/legacy/index.html":"724a1ee8be3395fcc903a4882294d148241327bb23b4cab9905a30d72c5b2ba3","/legacy/assets/wisdom-icon.png":"4610f102ad09b471616c4a7060134d26d2b48a3b31e27aaf9056d2b57f0499fe","/legacy/assets/wins-icon.png":"0a8f2ab866e22987198dc39685b532a5c40ef63cbbc979f2b35651a72bd2585d","/legacy/assets/vitality-icon.png":"5aaf67e8bd2713f8ab556d280861a1e89d9a6ea2fcfdd29983159a25d53f6409","/legacy/assets/upgrade-icon.png":"8ff90df9a98a48e11b8990ee4f7f8066d30f047904813b46a0ad0b22102fb941","/legacy/assets/swiftness-icon.png":"c70f2b6d7a46aad7a66963ef7a2c08a01dfe7ac9e0e5d39ebdb697eb28a5be34","/legacy/assets/store-icon.png":"48f7d767578a38dc46005b307ce718d4b0efda2ab805aada790739f88f9c0ce6","/legacy/assets/Skelly.vrm":"d1bd1ee69f509c364c4eea5fa6addb55fa6065389c8e1a22c4f1cef9a4f085d2","/legacy/assets/recovery-icon.png":"abb3cd2d55cbc751e52f333becee6e5aab978257ee6f4982583acfcc1c424bf0","/legacy/assets/power-icon.png":"b18756ca26b18ff947b8b87f2cf9837a6fc6944e9550aa0a4034e38df17c18f3","/legacy/assets/Meshy_AI_Punk_Racer_Duck_0613081219_texture.glb":"82055291a95f20e01615921b5113014a3bbd16bcd090cb33c1c6a62a9770d994","/legacy/assets/magnetism-icon.png":"b520b884abce933a7020e55dd48dfed7d363d10bb3ee2e131a84d157dc754a5a","/legacy/assets/loadout-icon.png":"5c945f53f040a419f644bbe42c2bedef45fd142c785266f250c6a8167efe8b72","/legacy/assets/leaderboards-icon.png":"fddfa132b49ebf771eb873ae2e0a9b84045b95ab50dd2f745a3b6a03acaefe17","/legacy/assets/kills-icon.png":"2c8002fdd6d860733c60302e4c92137a811be66a1fcaefd7800d0cc8532a69f8","/legacy/assets/infift_token.png":"62ee477ac99a6f4723c09a0db552f31c43ea675c78f715e521763e8ab86b21f2","/legacy/assets/home-icon.png":"a3db410bac0b30651742fbd7e3597cafba8865f6b16024311878d975da84806d","/legacy/assets/greed-icon.png":"5af552590127c7e03b0de88ce2ca8ba33eb0cc935c05399932bdbf42e7fddbbc","/legacy/assets/energy-icon.png":"ddc9479e900c0c1c764c7ecdce3bb49d69e7c320d529fb7ba012ba210eb1d02a","/legacy/assets/endurance-icon.png":"a1b8d8883aa415b9e3c2c6fa9cee2b4aec5ed3f6f459abf6dc517ba94d0a81c1","/legacy/assets/dashboard-mobile-bg.png":"e3c79a9116d3c53dcbb7a5c6ddec7841ab3e19dd397375b90c69fe53a014ec40","/legacy/assets/dashboard-bg.png":"417f401dfee04b6e2f41f2466d3faebe7aa87fd1f6cad91db0697c9ca77fa78e","/legacy/assets/coins-icon.png":"9df280f5e35f960414958cc713dcd46917ebd92b1c78066a6193ca569569d0a1","/legacy/assets/boomerang.glb":"104f957c4fd809936194b26837430d965b480900d645e8db43ae7a3631e5b716","/legacy/assets/boomerang-icon.png":"fe0f7ab34d43d5ffaae74d596f2ebce0317067c75177e670e8d6f8eae0bbffad","/legacy/assets/Meshy_AI_Punk_Racer_Duck_biped/Meshy_AI_Punk_Racer_Duck_biped_Character_output.glb":"07c7e1b0d7d7b81284c6e5bec4484b77196d48699fa30d20c2d8177b558c5f91","/legacy/assets/Meshy_AI_Punk_Racer_Duck_biped/Meshy_AI_Punk_Racer_Duck_biped_Animation_Walking_withSkin.glb":"deeed11e74581349a95676cd57154f2c4f3ee71aeea05302b5d2e63c905d58ae","/legacy/assets/Meshy_AI_Punk_Racer_Duck_biped/Meshy_AI_Punk_Racer_Duck_biped_Animation_Running_withSkin.glb":"9bcbedad373857f2577c7af437fd23e3e2e52008ca6daa8ef311c3077b72b447","/legacy/assets/Meshy_AI_Punk_Racer_Duck_biped/Meshy_AI_Punk_Racer_Duck_biped_Animation_Jump_Run_withSkin.glb":"8788c2b182ea5f0bb8147af97e43dc9b458812f633b425fe6ed8d62e66c97c49","/legacy/assets/Meshy_AI_Punk_Racer_Duck_biped/Meshy_AI_Punk_Racer_Duck_biped_Animation_happy_jump_m_withSkin.glb":"a05a2c58cf018c16a9648290d09c570bec01d14e7a512e8a205890391f867b8f","/legacy/assets/Meshy_AI_Punk_Racer_Duck_biped/Meshy_AI_Punk_Racer_Duck_biped_Animation_falling_down_withSkin.glb":"47e21891ec471660f783022a0262d1bc906cb5ba1fd2132347d92ab560aa9051","/legacy/assets/Meshy_AI_Punk_Racer_Duck_biped/Meshy_AI_Punk_Racer_Duck_biped_Animation_Alert_withSkin.glb":"5cd2be905aeb2d570b19b6848303c381e4e2b66d33b16eb753d8a9a5ee307a73","/legacy/assets/Meshy_AI_Banana_Brainpunk_Drag_biped/Meshy_AI_Banana_Brainpunk_Drag_biped_Animation_Run_and_Jump_withSkin.glb":"71a40b4b0346cdfb95819f7989dc801888d84bfdd99dd647a3e672726093915f","/legacy/assets/Meshy_AI_Banana_Brainpunk_Drag_biped/Meshy_AI_Banana_Brainpunk_Drag_biped_Animation_Running_withSkin.glb":"ed07e5f4653086532c165efc56cc2db878f54934059c0ac065fe82d42cb5516f","/legacy/assets/Meshy_AI_Banana_Brainpunk_Drag_biped/Meshy_AI_Banana_Brainpunk_Drag_biped_Animation_Jump_Run_withSkin.glb":"bac14da09cf5e6ffaf145abe5e7d4ec376ea6afc38921b7f349d5507e4c4b4d8","/legacy/assets/Meshy_AI_Banana_Brainpunk_Drag_biped/Meshy_AI_Banana_Brainpunk_Drag_biped_Animation_happy_jump_m_withSkin.glb":"c0cc1d4bfdd00c5b890f28f4b23bd8fe81f3dd8bdfe9c634ecabbf13faffaba7","/legacy/assets/Meshy_AI_Banana_Brainpunk_Drag_biped/Meshy_AI_Banana_Brainpunk_Drag_biped_Animation_falling_down_withSkin.glb":"a171a26cd20d9648af8538be6de85d0599e23bfd3c79a95eb1553a4864c28153","/legacy/assets/Meshy_AI_Banana_Brainpunk_Drag_biped/Meshy_AI_Banana_Brainpunk_Drag_biped_Animation_Alert_withSkin.glb":"8f95f29fe3f702c5820dd8e341a32c9639607e6529e354e2cf7c3b0ebb16a4e7","/legacy/assets/Meshy_AI_Banana_Brainpunk_Drag_biped/Meshy_AI_Banana_Brainpunk_Drag_biped_Animation_360_Power_Spin_Jump_withSkin.glb":"23df7df1784e5751cc6a2450ca51399915fb2ca5b08f590df9014c24fd047b04"}}
